Command line invocation:
    /Applications/Xcode.app/Contents/Developer/usr/bin/xcodebuild test -scheme BoxMaxxingFinal "-only-testing:BoxMaxxingFinalTests/PostSessionAnalyzerTests"

2026-05-06 09:20:32.350 xcodebuild[55176:1167559] [MT] IDERunDestination: Supported platforms for the buildables in the current scheme is empty.
--- xcodebuild: WARNING: Using the first of multiple matching destinations:
{ platform:macOS, arch:arm64, variant:Designed for [iPad,iPhone], id:00008142-0016694601F1401C, name:My Mac }
{ platform:iOS, id:dvtdevice-DVTiPhonePlaceholder-iphoneos:placeholder, name:Any iOS Device }
{ platform:iOS Simulator, id:dvtdevice-DVTiOSDeviceSimulatorPlaceholder-iphonesimulator:placeholder, name:Any iOS Simulator Device }
{ platform:iOS, arch:arm64, id:00008150-001E08A8267A401C, name:Michael’s iPhone 🥸🥸 }
{ platform:iOS, arch:arm64, id:00008150-000D39881E86401C, name:Rio’s iPhone }
{ platform:iOS Simulator, arch:arm64, id:72DF2CBF-0C16-43F3-BBED-84EA0101BBAF, OS:26.4.1, name:iPad (A16) }
{ platform:iOS Simulator, arch:arm64, id:976EA39D-B104-4A23-8EEC-615A424421C0, OS:26.4.1, name:iPad Air 11-inch (M4) }
{ platform:iOS Simulator, arch:arm64, id:508EE4E8-012C-4006-9A4E-8CF1D8D03C21, OS:26.4.1, name:iPad Air 13-inch (M4) }
{ platform:iOS Simulator, arch:arm64, id:1AD29294-AEFF-4D85-9858-AFF111EF9CFF, OS:26.4.1, name:iPad Pro 11-inch (M5) }
{ platform:iOS Simulator, arch:arm64, id:D1E722EF-56D3-46AC-ACF0-2803BBEAF924, OS:26.4.1, name:iPad Pro 13-inch (M5) }
{ platform:iOS Simulator, arch:arm64, id:C52E39D3-9657-42FC-A46A-D99CEA90824C, OS:26.4.1, name:iPad mini (A17 Pro) }
{ platform:iOS Simulator, arch:arm64, id:F4254223-0E87-43C3-A221-33524D66E3F8, OS:26.4.1, name:iPhone 17 }
{ platform:iOS Simulator, arch:arm64, id:779C63F1-1D75-4E4D-813E-5E8039EAAEA9, OS:26.4.1, name:iPhone 17 Pro }
{ platform:iOS Simulator, arch:arm64, id:8BF902C1-6365-4AB9-9410-FF09D18D0146, OS:26.4.1, name:iPhone 17 Pro Max }
{ platform:iOS Simulator, arch:arm64, id:C396A23B-1FDE-407D-807D-7D408F48479D, OS:26.4.1, name:iPhone 17e }
{ platform:iOS Simulator, arch:arm64, id:8ECCCB88-B9C0-4BCC-A0B8-AF52312537D4, OS:26.4.1, name:iPhone Air }
ComputePackagePrebuildTargetDependencyGraph

Prepare packages

CreateBuildRequest

SendProjectDescription

CreateBuildOperation

ComputeTargetDependencyGraph
note: Building targets in dependency order
note: Target dependency graph (3 targets)
    Target 'BoxMaxxingFinalUITests' in project 'BoxMaxxingFinal'
        ➜ Explicit dependency on target 'BoxMaxxingFinal' in project 'BoxMaxxingFinal'
    Target 'BoxMaxxingFinalTests' in project 'BoxMaxxingFinal'
        ➜ Explicit dependency on target 'BoxMaxxingFinal' in project 'BoxMaxxingFinal'
    Target 'BoxMaxxingFinal' in project 'BoxMaxxingFinal' (no dependencies)

GatherProvisioningInputs

CreateBuildDescription

ExecuteExternalTool /Applications/Xcode.app/Contents/Developer/Toolchains/XcodeDefault.xctoolchain/usr/bin/swiftc --version

ExecuteExternalTool /usr/bin/what -q /Applications/Xcode.app/Contents/Developer/Toolchains/XcodeDefault.xctoolchain/usr/bin/coremlc

ExecuteExternalTool /Applications/Xcode.app/Contents/Developer/Toolchains/XcodeDefault.xctoolchain/usr/bin/clang -v -E -dM -isysroot /Applications/Xcode.app/Contents/Developer/Platforms/iPhoneOS.platform/Developer/SDKs/iPhoneOS26.4.sdk -x c -c /dev/null

ExecuteExternalTool /Applications/Xcode.app/Contents/Developer/Toolchains/XcodeDefault.xctoolchain/usr/bin/ld -version_details

ExecuteExternalTool /Applications/Xcode.app/Contents/Developer/Toolchains/XcodeDefault.xctoolchain/usr/bin/coremlc generate /Users/michael/Projects/BoxMaxxingFinal/BoxMaxxingFinal/Model/80_epoch.mlmodel /Users/michael/Library/Developer/Xcode/DerivedData/BoxMaxxingFinal-crtohsihwwxsqmammvjklpjezjbq/Build/Intermediates.noindex/BoxMaxxingFinal.build/Debug-iphoneos/BoxMaxxingFinal.build/DerivedSources/CoreMLGenerated/80_epoch --dry-run yes --deployment-target 26.4 --sdkroot /Applications/Xcode.app/Contents/Developer/Platforms/iPhoneOS.platform/Developer/SDKs/iPhoneOS26.4.sdk --platform ios --output-partial-info-plist /Users/michael/Library/Developer/Xcode/DerivedData/BoxMaxxingFinal-crtohsihwwxsqmammvjklpjezjbq/Build/Intermediates.noindex/BoxMaxxingFinal.build/Debug-iphoneos/BoxMaxxingFinal.build/80_epoch-CoreMLPartialInfo.plist --container bundle-resources --language Swift --swift-version 5.0

ExecuteExternalTool /Applications/Xcode.app/Contents/Developer/Toolchains/XcodeDefault.xctoolchain/usr/bin/coremlc generate /Users/michael/Projects/BoxMaxxingFinal/BoxMaxxingFinal/Model/BoxMaxxingModel 3 120 epoch.mlmodel /Users/michael/Library/Developer/Xcode/DerivedData/BoxMaxxingFinal-crtohsihwwxsqmammvjklpjezjbq/Build/Intermediates.noindex/BoxMaxxingFinal.build/Debug-iphoneos/BoxMaxxingFinal.build/DerivedSources/CoreMLGenerated/BoxMaxxingModel 3 120 epoch --dry-run yes --deployment-target 26.4 --sdkroot /Applications/Xcode.app/Contents/Developer/Platforms/iPhoneOS.platform/Developer/SDKs/iPhoneOS26.4.sdk --platform ios --output-partial-info-plist /Users/michael/Library/Developer/Xcode/DerivedData/BoxMaxxingFinal-crtohsihwwxsqmammvjklpjezjbq/Build/Intermediates.noindex/BoxMaxxingFinal.build/Debug-iphoneos/BoxMaxxingFinal.build/BoxMaxxingModel 3 120 epoch-CoreMLPartialInfo.plist --container bundle-resources --language Swift --swift-version 5.0

ExecuteExternalTool /Applications/Xcode.app/Contents/Developer/Toolchains/XcodeDefault.xctoolchain/usr/bin/coremlc generate /Users/michael/Projects/BoxMaxxingFinal/BoxMaxxingFinal/Model/BoxMaxxingModel 4 200 epoch.mlmodel /Users/michael/Library/Developer/Xcode/DerivedData/BoxMaxxingFinal-crtohsihwwxsqmammvjklpjezjbq/Build/Intermediates.noindex/BoxMaxxingFinal.build/Debug-iphoneos/BoxMaxxingFinal.build/DerivedSources/CoreMLGenerated/BoxMaxxingModel 4 200 epoch --dry-run yes --deployment-target 26.4 --sdkroot /Applications/Xcode.app/Contents/Developer/Platforms/iPhoneOS.platform/Developer/SDKs/iPhoneOS26.4.sdk --platform ios --output-partial-info-plist /Users/michael/Library/Developer/Xcode/DerivedData/BoxMaxxingFinal-crtohsihwwxsqmammvjklpjezjbq/Build/Intermediates.noindex/BoxMaxxingFinal.build/Debug-iphoneos/BoxMaxxingFinal.build/BoxMaxxingModel 4 200 epoch-CoreMLPartialInfo.plist --container bundle-resources --language Swift --swift-version 5.0

ExecuteExternalTool /Applications/Xcode.app/Contents/Developer/Toolchains/XcodeDefault.xctoolchain/usr/bin/coremlc generate /Users/michael/Projects/BoxMaxxingFinal/BoxMaxxingFinal/Model/BoxMaxxingModel 4 2000 epoch.mlmodel /Users/michael/Library/Developer/Xcode/DerivedData/BoxMaxxingFinal-crtohsihwwxsqmammvjklpjezjbq/Build/Intermediates.noindex/BoxMaxxingFinal.build/Debug-iphoneos/BoxMaxxingFinal.build/DerivedSources/CoreMLGenerated/BoxMaxxingModel 4 2000 epoch --dry-run yes --deployment-target 26.4 --sdkroot /Applications/Xcode.app/Contents/Developer/Platforms/iPhoneOS.platform/Developer/SDKs/iPhoneOS26.4.sdk --platform ios --output-partial-info-plist /Users/michael/Library/Developer/Xcode/DerivedData/BoxMaxxingFinal-crtohsihwwxsqmammvjklpjezjbq/Build/Intermediates.noindex/BoxMaxxingFinal.build/Debug-iphoneos/BoxMaxxingFinal.build/BoxMaxxingModel 4 2000 epoch-CoreMLPartialInfo.plist --container bundle-resources --language Swift --swift-version 5.0

ExecuteExternalTool /Applications/Xcode.app/Contents/Developer/usr/bin/actool --print-asset-tag-combinations --output-format xml1 /Users/michael/Projects/BoxMaxxingFinal/BoxMaxxingFinal/Assets.xcassets

ExecuteExternalTool /Applications/Xcode.app/Contents/Developer/usr/bin/actool --version --output-format xml1

Build description signature: b7ddaa5d92e909b16eb7d1502eed9685
Build description path: /Users/michael/Library/Developer/Xcode/DerivedData/BoxMaxxingFinal-crtohsihwwxsqmammvjklpjezjbq/Build/Intermediates.noindex/XCBuildData/b7ddaa5d92e909b16eb7d1502eed9685.xcbuilddata
ClangStatCache /Applications/Xcode.app/Contents/Developer/Toolchains/XcodeDefault.xctoolchain/usr/bin/clang-stat-cache /Applications/Xcode.app/Contents/Developer/Platforms/iPhoneOS.platform/Developer/SDKs/iPhoneOS26.4.sdk /Users/michael/Library/Developer/Xcode/DerivedData/SDKStatCaches.noindex/iphoneos26.4-23E252-68a138bb55de9ba35ce6c8c40d12849e.sdkstatcache
    cd /Users/michael/Projects/BoxMaxxingFinal/BoxMaxxingFinal.xcodeproj
    /Applications/Xcode.app/Contents/Developer/Toolchains/XcodeDefault.xctoolchain/usr/bin/clang-stat-cache /Applications/Xcode.app/Contents/Developer/Platforms/iPhoneOS.platform/Developer/SDKs/iPhoneOS26.4.sdk -o /Users/michael/Library/Developer/Xcode/DerivedData/SDKStatCaches.noindex/iphoneos26.4-23E252-68a138bb55de9ba35ce6c8c40d12849e.sdkstatcache

ProcessInfoPlistFile /Users/michael/Library/Developer/Xcode/DerivedData/BoxMaxxingFinal-crtohsihwwxsqmammvjklpjezjbq/Build/Products/Debug-iphoneos/BoxMaxxingFinal.app/Info.plist /Users/michael/Library/Developer/Xcode/DerivedData/BoxMaxxingFinal-crtohsihwwxsqmammvjklpjezjbq/Build/Intermediates.noindex/BoxMaxxingFinal.build/Debug-iphoneos/BoxMaxxingFinal.build/empty-BoxMaxxingFinal.plist (in target 'BoxMaxxingFinal' from project 'BoxMaxxingFinal')
    cd /Users/michael/Projects/BoxMaxxingFinal
    builtin-infoPlistUtility /Users/michael/Library/Developer/Xcode/DerivedData/BoxMaxxingFinal-crtohsihwwxsqmammvjklpjezjbq/Build/Intermediates.noindex/BoxMaxxingFinal.build/Debug-iphoneos/BoxMaxxingFinal.build/empty-BoxMaxxingFinal.plist -producttype com.apple.product-type.application -genpkginfo /Users/michael/Library/Developer/Xcode/DerivedData/BoxMaxxingFinal-crtohsihwwxsqmammvjklpjezjbq/Build/Products/Debug-iphoneos/BoxMaxxingFinal.app/PkgInfo -expandbuildsettings -format binary -platform iphoneos -additionalcontentfile /Users/michael/Library/Developer/Xcode/DerivedData/BoxMaxxingFinal-crtohsihwwxsqmammvjklpjezjbq/Build/Intermediates.noindex/BoxMaxxingFinal.build/Debug-iphoneos/BoxMaxxingFinal.build/80_epoch-CoreMLPartialInfo.plist -additionalcontentfile /Users/michael/Library/Developer/Xcode/DerivedData/BoxMaxxingFinal-crtohsihwwxsqmammvjklpjezjbq/Build/Intermediates.noindex/BoxMaxxingFinal.build/Debug-iphoneos/BoxMaxxingFinal.build/BoxMaxxingModel\ 3\ 120\ epoch-CoreMLPartialInfo.plist -additionalcontentfile /Users/michael/Library/Developer/Xcode/DerivedData/BoxMaxxingFinal-crtohsihwwxsqmammvjklpjezjbq/Build/Intermediates.noindex/BoxMaxxingFinal.build/Debug-iphoneos/BoxMaxxingFinal.build/BoxMaxxingModel\ 4\ 200\ epoch-CoreMLPartialInfo.plist -additionalcontentfile /Users/michael/Library/Developer/Xcode/DerivedData/BoxMaxxingFinal-crtohsihwwxsqmammvjklpjezjbq/Build/Intermediates.noindex/BoxMaxxingFinal.build/Debug-iphoneos/BoxMaxxingFinal.build/BoxMaxxingModel\ 4\ 2000\ epoch-CoreMLPartialInfo.plist -additionalcontentfile /Users/michael/Library/Developer/Xcode/DerivedData/BoxMaxxingFinal-crtohsihwwxsqmammvjklpjezjbq/Build/Intermediates.noindex/BoxMaxxingFinal.build/Debug-iphoneos/BoxMaxxingFinal.build/assetcatalog_generated_info.plist -requiredArchitecture arm64 -o /Users/michael/Library/Developer/Xcode/DerivedData/BoxMaxxingFinal-crtohsihwwxsqmammvjklpjezjbq/Build/Products/Debug-iphoneos/BoxMaxxingFinal.app/Info.plist

CopySwiftLibs /Users/michael/Library/Developer/Xcode/DerivedData/BoxMaxxingFinal-crtohsihwwxsqmammvjklpjezjbq/Build/Products/Debug-iphoneos/BoxMaxxingFinal.app (in target 'BoxMaxxingFinal' from project 'BoxMaxxingFinal')
    cd /Users/michael/Projects/BoxMaxxingFinal
    builtin-swiftStdLibTool --copy --verbose --sign 06CD23630A2F1A159E03A94ADCD02AB53D437399 --scan-executable /Users/michael/Library/Developer/Xcode/DerivedData/BoxMaxxingFinal-crtohsihwwxsqmammvjklpjezjbq/Build/Products/Debug-iphoneos/BoxMaxxingFinal.app/BoxMaxxingFinal.debug.dylib --scan-folder /Users/michael/Library/Developer/Xcode/DerivedData/BoxMaxxingFinal-crtohsihwwxsqmammvjklpjezjbq/Build/Products/Debug-iphoneos/BoxMaxxingFinal.app/Frameworks --scan-folder /Users/michael/Library/Developer/Xcode/DerivedData/BoxMaxxingFinal-crtohsihwwxsqmammvjklpjezjbq/Build/Products/Debug-iphoneos/BoxMaxxingFinal.app/PlugIns --scan-folder /Users/michael/Library/Developer/Xcode/DerivedData/BoxMaxxingFinal-crtohsihwwxsqmammvjklpjezjbq/Build/Products/Debug-iphoneos/BoxMaxxingFinal.app/SystemExtensions --scan-folder /Users/michael/Library/Developer/Xcode/DerivedData/BoxMaxxingFinal-crtohsihwwxsqmammvjklpjezjbq/Build/Products/Debug-iphoneos/BoxMaxxingFinal.app/Extensions --platform iphoneos --toolchain /Applications/Xcode.app/Contents/Developer/Toolchains/XcodeDefault.xctoolchain --destination /Users/michael/Library/Developer/Xcode/DerivedData/BoxMaxxingFinal-crtohsihwwxsqmammvjklpjezjbq/Build/Products/Debug-iphoneos/BoxMaxxingFinal.app/Frameworks --strip-bitcode --strip-bitcode-tool /Applications/Xcode.app/Contents/Developer/Toolchains/XcodeDefault.xctoolchain/usr/bin/bitcode_strip --emit-dependency-info /Users/michael/Library/Developer/Xcode/DerivedData/BoxMaxxingFinal-crtohsihwwxsqmammvjklpjezjbq/Build/Intermediates.noindex/BoxMaxxingFinal.build/Debug-iphoneos/BoxMaxxingFinal.build/SwiftStdLibToolInputDependencies.dep --filter-for-swift-os

ProcessInfoPlistFile /Users/michael/Library/Developer/Xcode/DerivedData/BoxMaxxingFinal-crtohsihwwxsqmammvjklpjezjbq/Build/Products/Debug-iphoneos/BoxMaxxingFinal.app/PlugIns/BoxMaxxingFinalTests.xctest/Info.plist /Users/michael/Library/Developer/Xcode/DerivedData/BoxMaxxingFinal-crtohsihwwxsqmammvjklpjezjbq/Build/Intermediates.noindex/BoxMaxxingFinal.build/Debug-iphoneos/BoxMaxxingFinalTests.build/empty-BoxMaxxingFinalTests.plist (in target 'BoxMaxxingFinalTests' from project 'BoxMaxxingFinal')
    cd /Users/michael/Projects/BoxMaxxingFinal
    builtin-infoPlistUtility /Users/michael/Library/Developer/Xcode/DerivedData/BoxMaxxingFinal-crtohsihwwxsqmammvjklpjezjbq/Build/Intermediates.noindex/BoxMaxxingFinal.build/Debug-iphoneos/BoxMaxxingFinalTests.build/empty-BoxMaxxingFinalTests.plist -producttype com.apple.product-type.bundle.unit-test -expandbuildsettings -format binary -platform iphoneos -requiredArchitecture arm64 -o /Users/michael/Library/Developer/Xcode/DerivedData/BoxMaxxingFinal-crtohsihwwxsqmammvjklpjezjbq/Build/Products/Debug-iphoneos/BoxMaxxingFinal.app/PlugIns/BoxMaxxingFinalTests.xctest/Info.plist

CopySwiftLibs /Users/michael/Library/Developer/Xcode/DerivedData/BoxMaxxingFinal-crtohsihwwxsqmammvjklpjezjbq/Build/Products/Debug-iphoneos/BoxMaxxingFinal.app/PlugIns/BoxMaxxingFinalTests.xctest (in target 'BoxMaxxingFinalTests' from project 'BoxMaxxingFinal')
    cd /Users/michael/Projects/BoxMaxxingFinal
    builtin-swiftStdLibTool --copy --verbose --sign 06CD23630A2F1A159E03A94ADCD02AB53D437399 --scan-executable /Users/michael/Library/Developer/Xcode/DerivedData/BoxMaxxingFinal-crtohsihwwxsqmammvjklpjezjbq/Build/Products/Debug-iphoneos/BoxMaxxingFinal.app/PlugIns/BoxMaxxingFinalTests.xctest/BoxMaxxingFinalTests --scan-folder /Users/michael/Library/Developer/Xcode/DerivedData/BoxMaxxingFinal-crtohsihwwxsqmammvjklpjezjbq/Build/Products/Debug-iphoneos/BoxMaxxingFinal.app/PlugIns/BoxMaxxingFinalTests.xctest/Frameworks --scan-folder /Users/michael/Library/Developer/Xcode/DerivedData/BoxMaxxingFinal-crtohsihwwxsqmammvjklpjezjbq/Build/Products/Debug-iphoneos/BoxMaxxingFinal.app/PlugIns/BoxMaxxingFinalTests.xctest/PlugIns --scan-folder /Users/michael/Library/Developer/Xcode/DerivedData/BoxMaxxingFinal-crtohsihwwxsqmammvjklpjezjbq/Build/Products/Debug-iphoneos/BoxMaxxingFinal.app/PlugIns/BoxMaxxingFinalTests.xctest/SystemExtensions --scan-folder /Users/michael/Library/Developer/Xcode/DerivedData/BoxMaxxingFinal-crtohsihwwxsqmammvjklpjezjbq/Build/Products/Debug-iphoneos/BoxMaxxingFinal.app/PlugIns/BoxMaxxingFinalTests.xctest/Extensions --platform iphoneos --toolchain /Applications/Xcode.app/Contents/Developer/Toolchains/XcodeDefault.xctoolchain --destination /Users/michael/Library/Developer/Xcode/DerivedData/BoxMaxxingFinal-crtohsihwwxsqmammvjklpjezjbq/Build/Products/Debug-iphoneos/BoxMaxxingFinal.app/PlugIns/BoxMaxxingFinalTests.xctest/Frameworks --strip-bitcode --scan-executable /Applications/Xcode.app/Contents/Developer/Platforms/iPhoneOS.platform/Developer/usr/lib/libXCTestSwiftSupport.dylib --strip-bitcode-tool /Applications/Xcode.app/Contents/Developer/Toolchains/XcodeDefault.xctoolchain/usr/bin/bitcode_strip --emit-dependency-info /Users/michael/Library/Developer/Xcode/DerivedData/BoxMaxxingFinal-crtohsihwwxsqmammvjklpjezjbq/Build/Intermediates.noindex/BoxMaxxingFinal.build/Debug-iphoneos/BoxMaxxingFinalTests.build/SwiftStdLibToolInputDependencies.dep --filter-for-swift-os

ProcessInfoPlistFile /Users/michael/Library/Developer/Xcode/DerivedData/BoxMaxxingFinal-crtohsihwwxsqmammvjklpjezjbq/Build/Products/Debug-iphoneos/BoxMaxxingFinalUITests-Runner.app/PlugIns/BoxMaxxingFinalUITests.xctest/Info.plist /Users/michael/Library/Developer/Xcode/DerivedData/BoxMaxxingFinal-crtohsihwwxsqmammvjklpjezjbq/Build/Intermediates.noindex/BoxMaxxingFinal.build/Debug-iphoneos/BoxMaxxingFinalUITests.build/empty-BoxMaxxingFinalUITests.plist (in target 'BoxMaxxingFinalUITests' from project 'BoxMaxxingFinal')
    cd /Users/michael/Projects/BoxMaxxingFinal
    builtin-infoPlistUtility /Users/michael/Library/Developer/Xcode/DerivedData/BoxMaxxingFinal-crtohsihwwxsqmammvjklpjezjbq/Build/Intermediates.noindex/BoxMaxxingFinal.build/Debug-iphoneos/BoxMaxxingFinalUITests.build/empty-BoxMaxxingFinalUITests.plist -producttype com.apple.product-type.bundle.ui-testing -expandbuildsettings -format binary -platform iphoneos -additionalcontentfile /Users/michael/Library/Developer/Xcode/DerivedData/BoxMaxxingFinal-crtohsihwwxsqmammvjklpjezjbq/Build/Intermediates.noindex/BoxMaxxingFinal.build/Debug-iphoneos/BoxMaxxingFinalUITests.build/ProductTypeInfoPlistAdditions.plist -requiredArchitecture arm64 -o /Users/michael/Library/Developer/Xcode/DerivedData/BoxMaxxingFinal-crtohsihwwxsqmammvjklpjezjbq/Build/Products/Debug-iphoneos/BoxMaxxingFinalUITests-Runner.app/PlugIns/BoxMaxxingFinalUITests.xctest/Info.plist

CopySwiftLibs /Users/michael/Library/Developer/Xcode/DerivedData/BoxMaxxingFinal-crtohsihwwxsqmammvjklpjezjbq/Build/Products/Debug-iphoneos/BoxMaxxingFinalUITests-Runner.app/PlugIns/BoxMaxxingFinalUITests.xctest (in target 'BoxMaxxingFinalUITests' from project 'BoxMaxxingFinal')
    cd /Users/michael/Projects/BoxMaxxingFinal
    builtin-swiftStdLibTool --copy --verbose --sign 06CD23630A2F1A159E03A94ADCD02AB53D437399 --scan-executable /Users/michael/Library/Developer/Xcode/DerivedData/BoxMaxxingFinal-crtohsihwwxsqmammvjklpjezjbq/Build/Products/Debug-iphoneos/BoxMaxxingFinalUITests-Runner.app/PlugIns/BoxMaxxingFinalUITests.xctest/BoxMaxxingFinalUITests --scan-folder /Users/michael/Library/Developer/Xcode/DerivedData/BoxMaxxingFinal-crtohsihwwxsqmammvjklpjezjbq/Build/Products/Debug-iphoneos/BoxMaxxingFinalUITests-Runner.app/PlugIns/BoxMaxxingFinalUITests.xctest/Frameworks --scan-folder /Users/michael/Library/Developer/Xcode/DerivedData/BoxMaxxingFinal-crtohsihwwxsqmammvjklpjezjbq/Build/Products/Debug-iphoneos/BoxMaxxingFinalUITests-Runner.app/PlugIns/BoxMaxxingFinalUITests.xctest/PlugIns --scan-folder /Users/michael/Library/Developer/Xcode/DerivedData/BoxMaxxingFinal-crtohsihwwxsqmammvjklpjezjbq/Build/Products/Debug-iphoneos/BoxMaxxingFinalUITests-Runner.app/PlugIns/BoxMaxxingFinalUITests.xctest/SystemExtensions --scan-folder /Users/michael/Library/Developer/Xcode/DerivedData/BoxMaxxingFinal-crtohsihwwxsqmammvjklpjezjbq/Build/Products/Debug-iphoneos/BoxMaxxingFinalUITests-Runner.app/PlugIns/BoxMaxxingFinalUITests.xctest/Extensions --platform iphoneos --toolchain /Applications/Xcode.app/Contents/Developer/Toolchains/XcodeDefault.xctoolchain --destination /Users/michael/Library/Developer/Xcode/DerivedData/BoxMaxxingFinal-crtohsihwwxsqmammvjklpjezjbq/Build/Products/Debug-iphoneos/BoxMaxxingFinalUITests-Runner.app/PlugIns/BoxMaxxingFinalUITests.xctest/Frameworks --strip-bitcode --scan-executable /Applications/Xcode.app/Contents/Developer/Platforms/iPhoneOS.platform/Developer/usr/lib/libXCTestSwiftSupport.dylib --strip-bitcode-tool /Applications/Xcode.app/Contents/Developer/Toolchains/XcodeDefault.xctoolchain/usr/bin/bitcode_strip --emit-dependency-info /Users/michael/Library/Developer/Xcode/DerivedData/BoxMaxxingFinal-crtohsihwwxsqmammvjklpjezjbq/Build/Intermediates.noindex/BoxMaxxingFinal.build/Debug-iphoneos/BoxMaxxingFinalUITests.build/SwiftStdLibToolInputDependencies.dep --filter-for-swift-os

